---
source: nabla_frontend/src/parser/tests.rs
expression: program
---
Program {
    globals: [
        Use(
            Use {
                use_kw: AstInfo {
                    prelude: Prelude {
                        comments: [],
                        range: 1..1,
                    },
                    range: 1..2,
                },
                name: Some(
                    Ident {
                        name: "other_dir",
                        info: AstInfo {
                            prelude: Prelude {
                                comments: [],
                                range: 2..3,
                            },
                            range: 3..4,
                        },
                    },
                ),
                body: Some(
                    UseBody {
                        double_colon: AstInfo {
                            prelude: Prelude {
                                comments: [],
                                range: 4..4,
                            },
                            range: 4..5,
                        },
                        kind: Some(
                            All(
                                AstInfo {
                                    prelude: Prelude {
                                        comments: [],
                                        range: 5..5,
                                    },
                                    range: 5..6,
                                },
                            ),
                        ),
                        info: AstInfo {
                            prelude: Prelude {
                                comments: [],
                                range: 4..4,
                            },
                            range: 4..6,
                        },
                    },
                ),
                info: AstInfo {
                    prelude: Prelude {
                        comments: [],
                        range: 1..1,
                    },
                    range: 1..6,
                },
            },
        ),
        Use(
            Use {
                use_kw: AstInfo {
                    prelude: Prelude {
                        comments: [],
                        range: 7..7,
                    },
                    range: 7..8,
                },
                name: Some(
                    Ident {
                        name: "dir2",
                        info: AstInfo {
                            prelude: Prelude {
                                comments: [],
                                range: 8..9,
                            },
                            range: 9..10,
                        },
                    },
                ),
                body: Some(
                    UseBody {
                        double_colon: AstInfo {
                            prelude: Prelude {
                                comments: [],
                                range: 10..10,
                            },
                            range: 10..11,
                        },
                        kind: Some(
                            Multiple(
                                UseItems {
                                    lcurly: AstInfo {
                                        prelude: Prelude {
                                            comments: [],
                                            range: 11..11,
                                        },
                                        range: 11..12,
                                    },
                                    items: [
                                        Ok(
                                            UseItem {
                                                name: Ident {
                                                    name: "x",
                                                    info: AstInfo {
                                                        prelude: Prelude {
                                                            comments: [],
                                                            range: 12..12,
                                                        },
                                                        range: 12..13,
                                                    },
                                                },
                                                body: Some(
                                                    UseBody {
                                                        double_colon: AstInfo {
                                                            prelude: Prelude {
                                                                comments: [],
                                                                range: 13..13,
                                                            },
                                                            range: 13..14,
                                                        },
                                                        kind: Some(
                                                            Multiple(
                                                                UseItems {
                                                                    lcurly: AstInfo {
                                                                        prelude: Prelude {
                                                                            comments: [],
                                                                            range: 14..14,
                                                                        },
                                                                        range: 14..15,
                                                                    },
                                                                    items: [
                                                                        Ok(
                                                                            UseItem {
                                                                                name: Ident {
                                                                                    name: "y",
                                                                                    info: AstInfo {
                                                                                        prelude: Prelude {
                                                                                            comments: [],
                                                                                            range: 15..15,
                                                                                        },
                                                                                        range: 15..16,
                                                                                    },
                                                                                },
                                                                                body: None,
                                                                                alias: None,
                                                                                info: AstInfo {
                                                                                    prelude: Prelude {
                                                                                        comments: [],
                                                                                        range: 15..15,
                                                                                    },
                                                                                    range: 15..16,
                                                                                },
                                                                            },
                                                                        ),
                                                                    ],
                                                                    rcurly: Some(
                                                                        AstInfo {
                                                                            prelude: Prelude {
                                                                                comments: [],
                                                                                range: 16..16,
                                                                            },
                                                                            range: 16..17,
                                                                        },
                                                                    ),
                                                                    info: AstInfo {
                                                                        prelude: Prelude {
                                                                            comments: [],
                                                                            range: 14..14,
                                                                        },
                                                                        range: 14..17,
                                                                    },
                                                                },
                                                            ),
                                                        ),
                                                        info: AstInfo {
                                                            prelude: Prelude {
                                                                comments: [],
                                                                range: 13..13,
                                                            },
                                                            range: 13..17,
                                                        },
                                                    },
                                                ),
                                                alias: None,
                                                info: AstInfo {
                                                    prelude: Prelude {
                                                        comments: [],
                                                        range: 12..12,
                                                    },
                                                    range: 12..17,
                                                },
                                            },
                                        ),
                                        Ok(
                                            UseItem {
                                                name: Ident {
                                                    name: "z",
                                                    info: AstInfo {
                                                        prelude: Prelude {
                                                            comments: [],
                                                            range: 18..18,
                                                        },
                                                        range: 18..19,
                                                    },
                                                },
                                                body: None,
                                                alias: None,
                                                info: AstInfo {
                                                    prelude: Prelude {
                                                        comments: [],
                                                        range: 17..18,
                                                    },
                                                    range: 18..19,
                                                },
                                            },
                                        ),
                                    ],
                                    rcurly: Some(
                                        AstInfo {
                                            prelude: Prelude {
                                                comments: [],
                                                range: 19..19,
                                            },
                                            range: 19..20,
                                        },
                                    ),
                                    info: AstInfo {
                                        prelude: Prelude {
                                            comments: [],
                                            range: 11..11,
                                        },
                                        range: 11..20,
                                    },
                                },
                            ),
                        ),
                        info: AstInfo {
                            prelude: Prelude {
                                comments: [],
                                range: 10..10,
                            },
                            range: 10..20,
                        },
                    },
                ),
                info: AstInfo {
                    prelude: Prelude {
                        comments: [],
                        range: 6..7,
                    },
                    range: 7..20,
                },
            },
        ),
        Use(
            Use {
                use_kw: AstInfo {
                    prelude: Prelude {
                        comments: [],
                        range: 21..21,
                    },
                    range: 21..22,
                },
                name: Some(
                    Ident {
                        name: "dir3",
                        info: AstInfo {
                            prelude: Prelude {
                                comments: [],
                                range: 22..23,
                            },
                            range: 23..24,
                        },
                    },
                ),
                body: Some(
                    UseBody {
                        double_colon: AstInfo {
                            prelude: Prelude {
                                comments: [],
                                range: 24..24,
                            },
                            range: 24..25,
                        },
                        kind: Some(
                            Single(
                                UseItem {
                                    name: Ident {
                                        name: "test",
                                        info: AstInfo {
                                            prelude: Prelude {
                                                comments: [],
                                                range: 25..25,
                                            },
                                            range: 25..26,
                                        },
                                    },
                                    body: None,
                                    alias: None,
                                    info: AstInfo {
                                        prelude: Prelude {
                                            comments: [],
                                            range: 25..25,
                                        },
                                        range: 25..26,
                                    },
                                },
                            ),
                        ),
                        info: AstInfo {
                            prelude: Prelude {
                                comments: [],
                                range: 24..24,
                            },
                            range: 24..26,
                        },
                    },
                ),
                info: AstInfo {
                    prelude: Prelude {
                        comments: [],
                        range: 20..21,
                    },
                    range: 21..26,
                },
            },
        ),
        Def(
            Def {
                def_kw: AstInfo {
                    prelude: Prelude {
                        comments: [],
                        range: 27..27,
                    },
                    range: 27..28,
                },
                name: Some(
                    Ident {
                        name: "x",
                        info: AstInfo {
                            prelude: Prelude {
                                comments: [],
                                range: 28..29,
                            },
                            range: 29..30,
                        },
                    },
                ),
                colon: None,
                type_expr: None,
                eq: Some(
                    AstInfo {
                        prelude: Prelude {
                            comments: [],
                            range: 30..31,
                        },
                        range: 31..32,
                    },
                ),
                expr: Some(
                    Single(
                        Struct(
                            Struct {
                                lcurly: AstInfo {
                                    prelude: Prelude {
                                        comments: [],
                                        range: 33..33,
                                    },
                                    range: 33..34,
                                },
                                fields: [
                                    Ok(
                                        StructField {
                                            name: Ident {
                                                name: "only_type",
                                                info: AstInfo {
                                                    prelude: Prelude {
                                                        comments: [],
                                                        range: 35..35,
                                                    },
                                                    range: 35..36,
                                                },
                                            },
                                            colon: Some(
                                                AstInfo {
                                                    prelude: Prelude {
                                                        comments: [],
                                                        range: 36..36,
                                                    },
                                                    range: 36..37,
                                                },
                                            ),
                                            type_expr: Some(
                                                Single(
                                                    Named(
                                                        Named {
                                                            name: Ident {
                                                                name: "string",
                                                                info: AstInfo {
                                                                    prelude: Prelude {
                                                                        comments: [],
                                                                        range: 38..38,
                                                                    },
                                                                    range: 38..39,
                                                                },
                                                            },
                                                            inner_names: [],
                                                            expr: None,
                                                            info: AstInfo {
                                                                prelude: Prelude {
                                                                    comments: [],
                                                                    range: 38..38,
                                                                },
                                                                range: 38..39,
                                                            },
                                                        },
                                                    ),
                                                ),
                                            ),
                                            eq: None,
                                            expr: None,
                                            alias: None,
                                            info: AstInfo {
                                                prelude: Prelude {
                                                    comments: [],
                                                    range: 34..35,
                                                },
                                                range: 35..40,
                                            },
                                        },
                                    ),
                                    Ok(
                                        StructField {
                                            name: Ident {
                                                name: "only_expr",
                                                info: AstInfo {
                                                    prelude: Prelude {
                                                        comments: [],
                                                        range: 40..40,
                                                    },
                                                    range: 40..41,
                                                },
                                            },
                                            colon: None,
                                            type_expr: None,
                                            eq: Some(
                                                AstInfo {
                                                    prelude: Prelude {
                                                        comments: [],
                                                        range: 41..42,
                                                    },
                                                    range: 42..43,
                                                },
                                            ),
                                            expr: Some(
                                                Single(
                                                    Primitive(
                                                        String(
                                                            PrimitiveValue {
                                                                value: "expr",
                                                                info: AstInfo {
                                                                    prelude: Prelude {
                                                                        comments: [],
                                                                        range: 44..44,
                                                                    },
                                                                    range: 44..45,
                                                                },
                                                            },
                                                        ),
                                                    ),
                                                ),
                                            ),
                                            alias: None,
                                            info: AstInfo {
                                                prelude: Prelude {
                                                    comments: [],
                                                    range: 40..40,
                                                },
                                                range: 40..46,
                                            },
                                        },
                                    ),
                                    Ok(
                                        StructField {
                                            name: Ident {
                                                name: "type_and_expr",
                                                info: AstInfo {
                                                    prelude: Prelude {
                                                        comments: [],
                                                        range: 46..46,
                                                    },
                                                    range: 46..47,
                                                },
                                            },
                                            colon: Some(
                                                AstInfo {
                                                    prelude: Prelude {
                                                        comments: [],
                                                        range: 47..47,
                                                    },
                                                    range: 47..48,
                                                },
                                            ),
                                            type_expr: Some(
                                                Single(
                                                    Named(
                                                        Named {
                                                            name: Ident {
                                                                name: "number",
                                                                info: AstInfo {
                                                                    prelude: Prelude {
                                                                        comments: [],
                                                                        range: 49..49,
                                                                    },
                                                                    range: 49..50,
                                                                },
                                                            },
                                                            inner_names: [],
                                                            expr: None,
                                                            info: AstInfo {
                                                                prelude: Prelude {
                                                                    comments: [],
                                                                    range: 49..49,
                                                                },
                                                                range: 49..50,
                                                            },
                                                        },
                                                    ),
                                                ),
                                            ),
                                            eq: Some(
                                                AstInfo {
                                                    prelude: Prelude {
                                                        comments: [],
                                                        range: 51..51,
                                                    },
                                                    range: 51..52,
                                                },
                                            ),
                                            expr: Some(
                                                Single(
                                                    Primitive(
                                                        Number(
                                                            PrimitiveValue {
                                                                value: "1",
                                                                info: AstInfo {
                                                                    prelude: Prelude {
                                                                        comments: [],
                                                                        range: 53..53,
                                                                    },
                                                                    range: 53..54,
                                                                },
                                                            },
                                                        ),
                                                    ),
                                                ),
                                            ),
                                            alias: None,
                                            info: AstInfo {
                                                prelude: Prelude {
                                                    comments: [],
                                                    range: 46..46,
                                                },
                                                range: 46..55,
                                            },
                                        },
                                    ),
                                    Ok(
                                        StructField {
                                            name: Ident {
                                                name: "only_type_as",
                                                info: AstInfo {
                                                    prelude: Prelude {
                                                        comments: [],
                                                        range: 55..55,
                                                    },
                                                    range: 55..56,
                                                },
                                            },
                                            colon: Some(
                                                AstInfo {
                                                    prelude: Prelude {
                                                        comments: [],
                                                        range: 56..56,
                                                    },
                                                    range: 56..57,
                                                },
                                            ),
                                            type_expr: Some(
                                                Single(
                                                    Named(
                                                        Named {
                                                            name: Ident {
                                                                name: "string",
                                                                info: AstInfo {
                                                                    prelude: Prelude {
                                                                        comments: [],
                                                                        range: 58..58,
                                                                    },
                                                                    range: 58..59,
                                                                },
                                                            },
                                                            inner_names: [],
                                                            expr: None,
                                                            info: AstInfo {
                                                                prelude: Prelude {
                                                                    comments: [],
                                                                    range: 58..58,
                                                                },
                                                                range: 58..59,
                                                            },
                                                        },
                                                    ),
                                                ),
                                            ),
                                            eq: None,
                                            expr: None,
                                            alias: Some(
                                                Alias {
                                                    as_kw: AstInfo {
                                                        prelude: Prelude {
                                                            comments: [],
                                                            range: 60..60,
                                                        },
                                                        range: 60..61,
                                                    },
                                                    name: Some(
                                                        String(
                                                            PrimitiveValue {
                                                                value: "x",
                                                                info: AstInfo {
                                                                    prelude: Prelude {
                                                                        comments: [],
                                                                        range: 61..62,
                                                                    },
                                                                    range: 62..63,
                                                                },
                                                            },
                                                        ),
                                                    ),
                                                    info: AstInfo {
                                                        prelude: Prelude {
                                                            comments: [],
                                                            range: 60..60,
                                                        },
                                                        range: 60..63,
                                                    },
                                                },
                                            ),
                                            info: AstInfo {
                                                prelude: Prelude {
                                                    comments: [],
                                                    range: 55..55,
                                                },
                                                range: 55..63,
                                            },
                                        },
                                    ),
                                    Ok(
                                        StructField {
                                            name: Ident {
                                                name: "only_expr_as",
                                                info: AstInfo {
                                                    prelude: Prelude {
                                                        comments: [],
                                                        range: 64..64,
                                                    },
                                                    range: 64..65,
                                                },
                                            },
                                            colon: None,
                                            type_expr: None,
                                            eq: Some(
                                                AstInfo {
                                                    prelude: Prelude {
                                                        comments: [],
                                                        range: 65..66,
                                                    },
                                                    range: 66..67,
                                                },
                                            ),
                                            expr: Some(
                                                Single(
                                                    Primitive(
                                                        String(
                                                            PrimitiveValue {
                                                                value: "expr",
                                                                info: AstInfo {
                                                                    prelude: Prelude {
                                                                        comments: [],
                                                                        range: 68..68,
                                                                    },
                                                                    range: 68..69,
                                                                },
                                                            },
                                                        ),
                                                    ),
                                                ),
                                            ),
                                            alias: Some(
                                                Alias {
                                                    as_kw: AstInfo {
                                                        prelude: Prelude {
                                                            comments: [],
                                                            range: 70..70,
                                                        },
                                                        range: 70..71,
                                                    },
                                                    name: Some(
                                                        String(
                                                            PrimitiveValue {
                                                                value: "y",
                                                                info: AstInfo {
                                                                    prelude: Prelude {
                                                                        comments: [],
                                                                        range: 71..72,
                                                                    },
                                                                    range: 72..73,
                                                                },
                                                            },
                                                        ),
                                                    ),
                                                    info: AstInfo {
                                                        prelude: Prelude {
                                                            comments: [],
                                                            range: 70..70,
                                                        },
                                                        range: 70..73,
                                                    },
                                                },
                                            ),
                                            info: AstInfo {
                                                prelude: Prelude {
                                                    comments: [],
                                                    range: 63..64,
                                                },
                                                range: 64..73,
                                            },
                                        },
                                    ),
                                    Ok(
                                        StructField {
                                            name: Ident {
                                                name: "type_and_expr_as",
                                                info: AstInfo {
                                                    prelude: Prelude {
                                                        comments: [],
                                                        range: 74..74,
                                                    },
                                                    range: 74..75,
                                                },
                                            },
                                            colon: Some(
                                                AstInfo {
                                                    prelude: Prelude {
                                                        comments: [],
                                                        range: 75..75,
                                                    },
                                                    range: 75..76,
                                                },
                                            ),
                                            type_expr: Some(
                                                Single(
                                                    Named(
                                                        Named {
                                                            name: Ident {
                                                                name: "number",
                                                                info: AstInfo {
                                                                    prelude: Prelude {
                                                                        comments: [],
                                                                        range: 77..77,
                                                                    },
                                                                    range: 77..78,
                                                                },
                                                            },
                                                            inner_names: [],
                                                            expr: None,
                                                            info: AstInfo {
                                                                prelude: Prelude {
                                                                    comments: [],
                                                                    range: 77..77,
                                                                },
                                                                range: 77..78,
                                                            },
                                                        },
                                                    ),
                                                ),
                                            ),
                                            eq: Some(
                                                AstInfo {
                                                    prelude: Prelude {
                                                        comments: [],
                                                        range: 79..79,
                                                    },
                                                    range: 79..80,
                                                },
                                            ),
                                            expr: Some(
                                                Single(
                                                    Primitive(
                                                        Number(
                                                            PrimitiveValue {
                                                                value: "1",
                                                                info: AstInfo {
                                                                    prelude: Prelude {
                                                                        comments: [],
                                                                        range: 81..81,
                                                                    },
                                                                    range: 81..82,
                                                                },
                                                            },
                                                        ),
                                                    ),
                                                ),
                                            ),
                                            alias: Some(
                                                Alias {
                                                    as_kw: AstInfo {
                                                        prelude: Prelude {
                                                            comments: [],
                                                            range: 83..83,
                                                        },
                                                        range: 83..84,
                                                    },
                                                    name: Some(
                                                        String(
                                                            PrimitiveValue {
                                                                value: "z",
                                                                info: AstInfo {
                                                                    prelude: Prelude {
                                                                        comments: [],
                                                                        range: 84..85,
                                                                    },
                                                                    range: 85..86,
                                                                },
                                                            },
                                                        ),
                                                    ),
                                                    info: AstInfo {
                                                        prelude: Prelude {
                                                            comments: [],
                                                            range: 83..83,
                                                        },
                                                        range: 83..86,
                                                    },
                                                },
                                            ),
                                            info: AstInfo {
                                                prelude: Prelude {
                                                    comments: [],
                                                    range: 73..74,
                                                },
                                                range: 74..86,
                                            },
                                        },
                                    ),
                                ],
                                rcurly: Some(
                                    AstInfo {
                                        prelude: Prelude {
                                            comments: [],
                                            range: 86..87,
                                        },
                                        range: 87..88,
                                    },
                                ),
                                info: AstInfo {
                                    prelude: Prelude {
                                        comments: [],
                                        range: 33..33,
                                    },
                                    range: 33..88,
                                },
                            },
                        ),
                    ),
                ),
                info: AstInfo {
                    prelude: Prelude {
                        comments: [],
                        range: 26..27,
                    },
                    range: 27..89,
                },
            },
        ),
    ],
    info: AstInfo {
        prelude: Prelude {
            comments: [],
            range: 0..1,
        },
        range: 1..90,
    },
}
