---
source: nabla_frontend/src/parser/tests.rs
expression: program
---
Program {
    globals: [
        Use(
            Use {
                use_kw: AstInfo {
                    range: 0..2,
                },
                name: Some(
                    Ident {
                        name: "other_dir",
                        info: AstInfo {
                            range: 2..4,
                        },
                    },
                ),
                body: Some(
                    UseBody {
                        double_colon: AstInfo {
                            range: 4..5,
                        },
                        kind: Some(
                            All(
                                AstInfo {
                                    range: 5..6,
                                },
                            ),
                        ),
                        info: AstInfo {
                            range: 4..6,
                        },
                    },
                ),
                info: AstInfo {
                    range: 0..6,
                },
            },
        ),
        Use(
            Use {
                use_kw: AstInfo {
                    range: 6..8,
                },
                name: Some(
                    Ident {
                        name: "dir2",
                        info: AstInfo {
                            range: 8..10,
                        },
                    },
                ),
                body: Some(
                    UseBody {
                        double_colon: AstInfo {
                            range: 10..11,
                        },
                        kind: Some(
                            Multiple(
                                UseItems {
                                    lcurly: AstInfo {
                                        range: 11..12,
                                    },
                                    items: [
                                        UseItem {
                                            name: Ident {
                                                name: "x",
                                                info: AstInfo {
                                                    range: 12..13,
                                                },
                                            },
                                            body: Some(
                                                UseBody {
                                                    double_colon: AstInfo {
                                                        range: 13..14,
                                                    },
                                                    kind: Some(
                                                        Multiple(
                                                            UseItems {
                                                                lcurly: AstInfo {
                                                                    range: 14..15,
                                                                },
                                                                items: [
                                                                    UseItem {
                                                                        name: Ident {
                                                                            name: "y",
                                                                            info: AstInfo {
                                                                                range: 15..16,
                                                                            },
                                                                        },
                                                                        body: None,
                                                                        alias: None,
                                                                        info: AstInfo {
                                                                            range: 15..16,
                                                                        },
                                                                    },
                                                                ],
                                                                rcurly: Some(
                                                                    AstInfo {
                                                                        range: 16..17,
                                                                    },
                                                                ),
                                                                info: AstInfo {
                                                                    range: 14..17,
                                                                },
                                                            },
                                                        ),
                                                    ),
                                                    info: AstInfo {
                                                        range: 13..17,
                                                    },
                                                },
                                            ),
                                            alias: None,
                                            info: AstInfo {
                                                range: 12..17,
                                            },
                                        },
                                        UseItem {
                                            name: Ident {
                                                name: "z",
                                                info: AstInfo {
                                                    range: 17..19,
                                                },
                                            },
                                            body: None,
                                            alias: None,
                                            info: AstInfo {
                                                range: 17..19,
                                            },
                                        },
                                    ],
                                    rcurly: Some(
                                        AstInfo {
                                            range: 19..20,
                                        },
                                    ),
                                    info: AstInfo {
                                        range: 11..20,
                                    },
                                },
                            ),
                        ),
                        info: AstInfo {
                            range: 10..20,
                        },
                    },
                ),
                info: AstInfo {
                    range: 6..20,
                },
            },
        ),
        Use(
            Use {
                use_kw: AstInfo {
                    range: 20..22,
                },
                name: Some(
                    Ident {
                        name: "dir3",
                        info: AstInfo {
                            range: 22..24,
                        },
                    },
                ),
                body: Some(
                    UseBody {
                        double_colon: AstInfo {
                            range: 24..25,
                        },
                        kind: Some(
                            Single(
                                UseItem {
                                    name: Ident {
                                        name: "test",
                                        info: AstInfo {
                                            range: 25..26,
                                        },
                                    },
                                    body: None,
                                    alias: None,
                                    info: AstInfo {
                                        range: 25..26,
                                    },
                                },
                            ),
                        ),
                        info: AstInfo {
                            range: 24..26,
                        },
                    },
                ),
                info: AstInfo {
                    range: 20..26,
                },
            },
        ),
        Def(
            Def {
                def_kw: AstInfo {
                    range: 26..28,
                },
                name: Some(
                    Ident {
                        name: "x",
                        info: AstInfo {
                            range: 28..30,
                        },
                    },
                ),
                colon: None,
                type_expr: None,
                eq: Some(
                    AstInfo {
                        range: 30..32,
                    },
                ),
                expr: Some(
                    Single(
                        Struct(
                            Struct {
                                lcurly: AstInfo {
                                    range: 32..34,
                                },
                                fields: [
                                    StructField {
                                        name: Ident {
                                            name: "only_type",
                                            info: AstInfo {
                                                range: 34..36,
                                            },
                                        },
                                        colon: Some(
                                            AstInfo {
                                                range: 36..37,
                                            },
                                        ),
                                        type_expr: Some(
                                            Single(
                                                Named(
                                                    Named {
                                                        name: Ident {
                                                            name: "string",
                                                            info: AstInfo {
                                                                range: 37..39,
                                                            },
                                                        },
                                                        inner_names: [],
                                                        expr: None,
                                                        info: AstInfo {
                                                            range: 37..39,
                                                        },
                                                    },
                                                ),
                                            ),
                                        ),
                                        eq: None,
                                        expr: None,
                                        alias: None,
                                        info: AstInfo {
                                            range: 34..39,
                                        },
                                    },
                                    StructField {
                                        name: Ident {
                                            name: "only_expr",
                                            info: AstInfo {
                                                range: 39..41,
                                            },
                                        },
                                        colon: None,
                                        type_expr: None,
                                        eq: Some(
                                            AstInfo {
                                                range: 41..43,
                                            },
                                        ),
                                        expr: Some(
                                            Single(
                                                Primitive(
                                                    String(
                                                        PrimitiveValue {
                                                            value: "expr",
                                                            info: AstInfo {
                                                                range: 43..45,
                                                            },
                                                        },
                                                    ),
                                                ),
                                            ),
                                        ),
                                        alias: None,
                                        info: AstInfo {
                                            range: 39..45,
                                        },
                                    },
                                    StructField {
                                        name: Ident {
                                            name: "type_and_expr",
                                            info: AstInfo {
                                                range: 45..47,
                                            },
                                        },
                                        colon: Some(
                                            AstInfo {
                                                range: 47..48,
                                            },
                                        ),
                                        type_expr: Some(
                                            Single(
                                                Named(
                                                    Named {
                                                        name: Ident {
                                                            name: "number",
                                                            info: AstInfo {
                                                                range: 48..50,
                                                            },
                                                        },
                                                        inner_names: [],
                                                        expr: None,
                                                        info: AstInfo {
                                                            range: 48..50,
                                                        },
                                                    },
                                                ),
                                            ),
                                        ),
                                        eq: Some(
                                            AstInfo {
                                                range: 50..52,
                                            },
                                        ),
                                        expr: Some(
                                            Single(
                                                Primitive(
                                                    Number(
                                                        PrimitiveValue {
                                                            value: "1",
                                                            info: AstInfo {
                                                                range: 52..54,
                                                            },
                                                        },
                                                    ),
                                                ),
                                            ),
                                        ),
                                        alias: None,
                                        info: AstInfo {
                                            range: 45..54,
                                        },
                                    },
                                    StructField {
                                        name: Ident {
                                            name: "only_type_as",
                                            info: AstInfo {
                                                range: 54..56,
                                            },
                                        },
                                        colon: Some(
                                            AstInfo {
                                                range: 56..57,
                                            },
                                        ),
                                        type_expr: Some(
                                            Single(
                                                Named(
                                                    Named {
                                                        name: Ident {
                                                            name: "string",
                                                            info: AstInfo {
                                                                range: 57..59,
                                                            },
                                                        },
                                                        inner_names: [],
                                                        expr: None,
                                                        info: AstInfo {
                                                            range: 57..59,
                                                        },
                                                    },
                                                ),
                                            ),
                                        ),
                                        eq: None,
                                        expr: None,
                                        alias: Some(
                                            Alias {
                                                as_kw: AstInfo {
                                                    range: 59..61,
                                                },
                                                name: Some(
                                                    String(
                                                        PrimitiveValue {
                                                            value: "x",
                                                            info: AstInfo {
                                                                range: 61..63,
                                                            },
                                                        },
                                                    ),
                                                ),
                                                info: AstInfo {
                                                    range: 59..63,
                                                },
                                            },
                                        ),
                                        info: AstInfo {
                                            range: 54..63,
                                        },
                                    },
                                    StructField {
                                        name: Ident {
                                            name: "only_expr_as",
                                            info: AstInfo {
                                                range: 63..65,
                                            },
                                        },
                                        colon: None,
                                        type_expr: None,
                                        eq: Some(
                                            AstInfo {
                                                range: 65..67,
                                            },
                                        ),
                                        expr: Some(
                                            Single(
                                                Primitive(
                                                    String(
                                                        PrimitiveValue {
                                                            value: "expr",
                                                            info: AstInfo {
                                                                range: 67..69,
                                                            },
                                                        },
                                                    ),
                                                ),
                                            ),
                                        ),
                                        alias: Some(
                                            Alias {
                                                as_kw: AstInfo {
                                                    range: 69..71,
                                                },
                                                name: Some(
                                                    String(
                                                        PrimitiveValue {
                                                            value: "y",
                                                            info: AstInfo {
                                                                range: 71..73,
                                                            },
                                                        },
                                                    ),
                                                ),
                                                info: AstInfo {
                                                    range: 69..73,
                                                },
                                            },
                                        ),
                                        info: AstInfo {
                                            range: 63..73,
                                        },
                                    },
                                    StructField {
                                        name: Ident {
                                            name: "type_and_expr_as",
                                            info: AstInfo {
                                                range: 73..75,
                                            },
                                        },
                                        colon: Some(
                                            AstInfo {
                                                range: 75..76,
                                            },
                                        ),
                                        type_expr: Some(
                                            Single(
                                                Named(
                                                    Named {
                                                        name: Ident {
                                                            name: "number",
                                                            info: AstInfo {
                                                                range: 76..78,
                                                            },
                                                        },
                                                        inner_names: [],
                                                        expr: None,
                                                        info: AstInfo {
                                                            range: 76..78,
                                                        },
                                                    },
                                                ),
                                            ),
                                        ),
                                        eq: Some(
                                            AstInfo {
                                                range: 78..80,
                                            },
                                        ),
                                        expr: Some(
                                            Single(
                                                Primitive(
                                                    Number(
                                                        PrimitiveValue {
                                                            value: "1",
                                                            info: AstInfo {
                                                                range: 80..82,
                                                            },
                                                        },
                                                    ),
                                                ),
                                            ),
                                        ),
                                        alias: Some(
                                            Alias {
                                                as_kw: AstInfo {
                                                    range: 82..84,
                                                },
                                                name: Some(
                                                    String(
                                                        PrimitiveValue {
                                                            value: "z",
                                                            info: AstInfo {
                                                                range: 84..86,
                                                            },
                                                        },
                                                    ),
                                                ),
                                                info: AstInfo {
                                                    range: 82..86,
                                                },
                                            },
                                        ),
                                        info: AstInfo {
                                            range: 73..86,
                                        },
                                    },
                                ],
                                rcurly: Some(
                                    AstInfo {
                                        range: 86..88,
                                    },
                                ),
                                info: AstInfo {
                                    range: 32..88,
                                },
                            },
                        ),
                    ),
                ),
                info: AstInfo {
                    range: 26..88,
                },
            },
        ),
    ],
    info: AstInfo {
        range: 0..90,
    },
}
